Copyright 1986-2019 Xilinx, Inc. All Rights Reserved.
------------------------------------------------------------------------------------
| Tool Version : Vivado v.2019.2 (lin64) Build 2708876 Wed Nov  6 21:39:14 MST 2019
| Date         : Tue May 12 23:24:04 2020
| Host         : mobile-unit running 64-bit Linux Mint 19 Tara
| Command      : report_control_sets -verbose -file pong_control_sets_placed.rpt
| Design       : pong
| Device       : xc7a100t
------------------------------------------------------------------------------------

Control Set Information

Table of Contents
-----------------
1. Summary
2. Histogram
3. Flip-Flop Distribution
4. Detailed Control Set Information

1. Summary
----------

+----------------------------------------------------------+-------+
|                          Status                          | Count |
+----------------------------------------------------------+-------+
| Total control sets                                       |    12 |
|    Minimum number of control sets                        |    12 |
|    Addition due to synthesis replication                 |     0 |
|    Addition due to physical synthesis replication        |     0 |
| Unused register locations in slices containing registers |    64 |
+----------------------------------------------------------+-------+
* Control sets can be merged at opt_design using control_set_merge or merge_equivalent_drivers
** Run report_qor_suggestions for automated merging and remapping suggestions


2. Histogram
------------

+--------------------+-------+
|       Fanout       | Count |
+--------------------+-------+
| Total control sets |    12 |
| >= 0 to < 4        |     2 |
| >= 4 to < 6        |     3 |
| >= 6 to < 8        |     0 |
| >= 8 to < 10       |     1 |
| >= 10 to < 12      |     5 |
| >= 12 to < 14      |     0 |
| >= 14 to < 16      |     0 |
| >= 16              |     1 |
+--------------------+-------+
* Control sets can be remapped at either synth_design or opt_design


3. Flip-Flop Distribution
-------------------------

+--------------+-----------------------+------------------------+-----------------+--------------+
| Clock Enable | Synchronous Set/Reset | Asynchronous Set/Reset | Total Registers | Total Slices |
+--------------+-----------------------+------------------------+-----------------+--------------+
| No           | No                    | No                     |              51 |           18 |
| No           | No                    | Yes                    |               0 |            0 |
| No           | Yes                   | No                     |              32 |           13 |
| Yes          | No                    | No                     |              11 |            5 |
| Yes          | No                    | Yes                    |               0 |            0 |
| Yes          | Yes                   | No                     |              10 |            3 |
+--------------+-----------------------+------------------------+-----------------+--------------+


4. Detailed Control Set Information
-----------------------------------

+-----------------------------+------------------------+-------------------------------+------------------+----------------+
|         Clock Signal        |      Enable Signal     |        Set/Reset Signal       | Slice Load Count | Bel Load Count |
+-----------------------------+------------------------+-------------------------------+------------------+----------------+
|  clk_wiz_0_inst/U0/clk_out1 |                        | vga_driver/hsync0             |                1 |              1 |
|  clk_wiz_0_inst/U0/clk_out1 | vga_driver/eqOp        |                               |                1 |              1 |
|  vga_driver/VGA_vsync_OBUF  |                        |                               |                2 |              5 |
|  vga_driver/VGA_vsync_OBUF  |                        | add_bb/ball_y0                |                1 |              5 |
|  vga_driver/VGA_vsync_OBUF  |                        | add_bb/ball_y[10]_i_1_n_0     |                4 |              5 |
|  ADC_CS_OBUF                |                        |                               |                3 |              9 |
|  vga_driver/VGA_vsync_OBUF  |                        | add_bb/ball_x_reg[10]_i_1_n_6 |                4 |             10 |
|  clk_in_IBUF_BUFG           |                        |                               |                2 |             10 |
|  clk_wiz_0_inst/U0/clk_out1 | vga_driver/eqOp        | vga_driver/v_cnt0             |                3 |             10 |
|  count_reg[4]               | adc/pdata2[11]_i_1_n_0 |                               |                4 |             11 |
|  clk_wiz_0_inst/U0/clk_out1 |                        | vga_driver/clear              |                3 |             11 |
|  clk_wiz_0_inst/U0/clk_out1 |                        |                               |               11 |             27 |
+-----------------------------+------------------------+-------------------------------+------------------+----------------+


